offsets 132
SKIP 890356576 no contents
SKIP 890356830 no contents
SAVED 905434295 App.vue 7145 /tmp/noor-vite-all/f5938629a361-App.vue
SAVED 905512191 App.vue 7174 /tmp/noor-vite-all/276c98c464a5-App.vue
SAVED 905587777 VisionSidebar.vue 7493 /tmp/noor-vite-all/11c1dcdd6dc1-VisionSidebar.vue
SAVED 905624358 Dashboard.vue 11357 /tmp/noor-vite-all/9a0cddd52a1c-Dashboard.vue
SAVED 905655677 useI18n.ts 1777 /tmp/noor-vite-all/27f35cbdaed2-useI18n.ts
SAVED 999793124 main.ts 232 /tmp/noor-vite-all/8ed384693f5b-main.ts
SAVED 999871641 App.vue 4101 /tmp/noor-vite-all/c90f3409328c-App.vue
SAVED 999932757 useTheme.ts 798 /tmp/noor-vite-all/6efa558bbf0c-useTheme.ts
FAIL 999937235 parse
SAVED 999940834 index.ts 758 /tmp/noor-vite-all/dd014d87c38c-index.ts
SAVED 999998009 main.ts 349 /tmp/noor-vite-all/e6f9b084be08-main.ts
SKIP 1020293984 no contents
SKIP 1020294238 no contents
SAVED 1056958051 MediaGrid.vue 1944 /tmp/noor-vite-all/a9b2de995e60-MediaGrid.vue
SAVED 1182811749 Home.vue 23412 /tmp/noor-vite-all/77cb2734e5aa-Home.vue
SAVED 1183100752 Home.vue 21488 /tmp/noor-vite-all/174ece62f5c6-Home.vue
SAVED 1184067408 Home.vue 21488 /tmp/noor-vite-all/22ddec9f4f99-Home.vue
SAVED 1184736823 Home.vue 23328 /tmp/noor-vite-all/c477be1404c4-Home.vue
SAVED 2127857819 Settings.vue 33021 /tmp/noor-vite-all/7e53937d329f-Settings.vue
SAVED 2127993085 Settings.vue 33111 /tmp/noor-vite-all/0f75f11a840c-Settings.vue
SAVED 2294143453 Home.vue 23326 /tmp/noor-vite-all/8eafa4371275-Home.vue
SAVED 2304797213 Home.vue 23326 /tmp/noor-vite-all/f34da54a4f4e-Home.vue
SAVED 2319174175 Home.vue 23328 /tmp/noor-vite-all/f45e3e5c6fbf-Home.vue
SAVED 2319260191 Home.vue 23328 /tmp/noor-vite-all/89ad8dbfc20f-Home.vue
SAVED 2325117469 Home.vue 23326 /tmp/noor-vite-all/781d77710f2a-Home.vue
SAVED 2329311775 Home.vue 23328 /tmp/noor-vite-all/a283058d6f7a-Home.vue
SKIP 3826815210 no contents
SKIP 3826815464 no contents
SAVED 3859866041 Settings.vue 31802 /tmp/noor-vite-all/e8279e08e18c-Settings.vue
SAVED 3860783402 Settings.vue 31812 /tmp/noor-vite-all/f8e765bd923c-Settings.vue
SAVED 3861045602 Settings.vue 31858 /tmp/noor-vite-all/022a8f8ce6cd-Settings.vue
SAVED 3876905160 Settings.vue 31766 /tmp/noor-vite-all/b6882a6103cc-Settings.vue
SAVED 3877167996 Settings.vue 32434 /tmp/noor-vite-all/f148539b3240-Settings.vue
SAVED 4662025710 History.vue 9559 /tmp/noor-vite-all/5ecd32fa3789-History.vue
SAVED 4662163346 SystemSettings.vue 10644 /tmp/noor-vite-all/3817b2b4f093-SystemSettings.vue
SAVED 4662265746 SystemSettings.vue 10644 /tmp/noor-vite-all/e97e99f9b83e-SystemSettings.vue
SAVED 4663796718 Dashboard.vue 6614 /tmp/noor-vite-all/79ce5f7ac3ea-Dashboard.vue
SAVED 4667129712 RollingDigit.vue 1938 /tmp/noor-vite-all/ec495b8dedcc-RollingDigit.vue
SAVED 4667223033 RollingDigit.vue 1056 /tmp/noor-vite-all/022c8164126a-RollingDigit.vue
SAVED 4671805068 Dashboard.vue 7293 /tmp/noor-vite-all/40ea2b207df2-Dashboard.vue
SAVED 4672166095 Dashboard.vue 7613 /tmp/noor-vite-all/155a1d21d145-Dashboard.vue
SAVED 4672252072 Dashboard.vue 7585 /tmp/noor-vite-all/c5e41f6c1c97-Dashboard.vue
SAVED 4834301998 Home.vue 44877 /tmp/noor-vite-all/001b4fc3af99-Home.vue
SAVED 6139448763 Home.vue 45827 /tmp/noor-vite-all/76bb2a7516b3-Home.vue
FAIL 6302450180 parse
FAIL 6304664005 parse
SAVED 6584381638 Settings.vue 43858 /tmp/noor-vite-all/cb9537b1433f-Settings.vue
SAVED 6651154759 Settings.vue 44041 /tmp/noor-vite-all/b3c02e32bb20-Settings.vue
SAVED 6659050736 Home.vue 45674 /tmp/noor-vite-all/0a31a553d7fd-Home.vue
SAVED 6659237645 Home.vue 44756 /tmp/noor-vite-all/f20c5dae1d54-Home.vue
SAVED 6659422034 Home.vue 44797 /tmp/noor-vite-all/4e58109c6ed5-Home.vue
SAVED 6659605107 Settings.vue 44129 /tmp/noor-vite-all/ee72ac4fb786-Settings.vue
SAVED 6660145643 Settings.vue 44136 /tmp/noor-vite-all/69662568809c-Settings.vue
SAVED 6858764841 main.ts 349 /tmp/noor-vite-all/7243e82ed07e-main.ts
SAVED 6858769306 index.ts 739 /tmp/noor-vite-all/e8b1db8985ba-index.ts
SAVED 6859378899 App.vue 6224 /tmp/noor-vite-all/31f594bdcd54-App.vue
SAVED 6859446249 useI18n.ts 2439 /tmp/noor-vite-all/f6f8ac100657-useI18n.ts
SAVED 6859485395 App.vue 6224 /tmp/noor-vite-all/019335d64baf-App.vue
SAVED 6859552432 useI18n.ts 2051 /tmp/noor-vite-all/a786ebaf24b4-useI18n.ts
SAVED 6859584057 main.ts 349 /tmp/noor-vite-all/49e501b1d940-main.ts
SAVED 6859588506 index.ts 739 /tmp/noor-vite-all/569516e64e02-index.ts
SAVED 7545214032 Settings.vue 46775 /tmp/noor-vite-all/9b83f95ee54a-Settings.vue
SAVED 8139207999 App.vue 7389 /tmp/noor-vite-all/448dd9e97086-App.vue
SAVED 8139234689 VisionSidebar.vue 7615 /tmp/noor-vite-all/fa77b5ce2bf6-VisionSidebar.vue
SAVED 8139270950 Dashboard.vue 11357 /tmp/noor-vite-all/e9c2a46e1d0b-Dashboard.vue
SAVED 8139302500 useI18n.ts 2020 /tmp/noor-vite-all/242e06a6f292-useI18n.ts
SAVED 8139324053 zh.ts 12347 /tmp/noor-vite-all/d1386799e45b-zh.ts
SAVED 9191572978 Settings.vue 47188 /tmp/noor-vite-all/49c59f433a73-Settings.vue
SAVED 9191769274 Settings.vue 46886 /tmp/noor-vite-all/46dc124bfdd3-Settings.vue
SAVED 10092333157 Settings.vue 30203 /tmp/noor-vite-all/0581cdf38554-Settings.vue
SAVED 10092456008 Settings.vue 30357 /tmp/noor-vite-all/2db573d375aa-Settings.vue
SAVED 10094426410 Settings.vue 30593 /tmp/noor-vite-all/0bc4f243f6db-Settings.vue
SAVED 10100345343 Home.vue 29301 /tmp/noor-vite-all/1aa5a017e52e-Home.vue
SAVED 10100475033 Home.vue 32856 /tmp/noor-vite-all/73fafb35eebb-Home.vue
SAVED 10106878392 Home.vue 29240 /tmp/noor-vite-all/806e646abbae-Home.vue
SAVED 10117237880 Settings.vue 28854 /tmp/noor-vite-all/48e6ae840f77-Settings.vue
SAVED 10117356841 Settings.vue 29021 /tmp/noor-vite-all/69edd713e881-Settings.vue
SAVED 10121530488 Settings.vue 28742 /tmp/noor-vite-all/4a4328f6cea7-Settings.vue
SAVED 10124361077 Settings.vue 29089 /tmp/noor-vite-all/375c39348f89-Settings.vue
SAVED 11007590634 Settings.vue 43777 /tmp/noor-vite-all/ee086dc04ba6-Settings.vue
SAVED 11007770892 Settings.vue 43771 /tmp/noor-vite-all/77859c718a1d-Settings.vue
SAVED 11026084091 Settings.vue 43774 /tmp/noor-vite-all/a7d816ee987b-Settings.vue
SAVED 11034433598 Home.vue 44877 /tmp/noor-vite-all/0623dad991fd-Home.vue
SAVED 11041537498 Home.vue 45872 /tmp/noor-vite-all/ba2c27308dee-Home.vue
SAVED 11064440589 Home.vue 44756 /tmp/noor-vite-all/4035b0028080-Home.vue
SAVED 11572220388 main.ts 232 /tmp/noor-vite-all/3c4ce133819a-main.ts
SAVED 11572224750 index.ts 560 /tmp/noor-vite-all/270ffe27ba60-index.ts
SAVED 11572945536 Home.vue 11552 /tmp/noor-vite-all/706b1250d362-Home.vue
SAVED 11573162601 Home.vue 14284 /tmp/noor-vite-all/7fa5a4129fa8-Home.vue
SAVED 11575947748 main.ts 232 /tmp/noor-vite-all/8d3da16f823f-main.ts
SAVED 11575952110 index.ts 560 /tmp/noor-vite-all/79c9bde1558f-index.ts
SAVED 11597087204 main.ts 232 /tmp/noor-vite-all/7d53548ee740-main.ts
SAVED 11597091582 index.ts 560 /tmp/noor-vite-all/7a8d6c3e72c8-index.ts
SAVED 11771872985 Dashboard.vue 6741 /tmp/noor-vite-all/63213c7ffd6a-Dashboard.vue
SAVED 11771958883 Dashboard.vue 6781 /tmp/noor-vite-all/d42cb02cf317-Dashboard.vue
SAVED 11782001722 Dashboard.vue 6443 /tmp/noor-vite-all/3d792891ccc0-Dashboard.vue
SAVED 11782372722 Dashboard.vue 8400 /tmp/noor-vite-all/6f75f2651b7e-Dashboard.vue
SAVED 11782561597 SettingsIndex.vue 1529 /tmp/noor-vite-all/5714f8c42f9b-SettingsIndex.vue
SAVED 11784256870 RollingDigit.vue 1396 /tmp/noor-vite-all/924f8209b0d3-RollingDigit.vue
SAVED 11784535577 Dashboard.vue 8284 /tmp/noor-vite-all/389827b89ba6-Dashboard.vue
SAVED 11918164848 SettingsIndex.vue 2585 /tmp/noor-vite-all/716174deeb23-SettingsIndex.vue
SAVED 11918195225 SystemSettings.vue 12928 /tmp/noor-vite-all/90fd528b3815-SystemSettings.vue
SAVED 11918228143 VuiBadge.vue 3467 /tmp/noor-vite-all/c39565ebcc0e-VuiBadge.vue
SAVED 11919765651 Dashboard.vue 14751 /tmp/noor-vite-all/49a26995d0b6-Dashboard.vue
SAVED 11919913087 Dashboard.vue 14731 /tmp/noor-vite-all/50288a9aad10-Dashboard.vue
FAIL 12131903079 parse
FAIL 12132075125 parse
SAVED 13034381586 Settings.vue 31467 /tmp/noor-vite-all/e98101cd41ac-Settings.vue
SAVED 13086075385 Settings.vue 30784 /tmp/noor-vite-all/b63c3e2ac7bb-Settings.vue
SAVED 13103771806 Settings.vue 31516 /tmp/noor-vite-all/6d0c0f317b39-Settings.vue
SAVED 13104148729 Settings.vue 31711 /tmp/noor-vite-all/7ddd7e4973be-Settings.vue
SAVED 15823650870 Settings.vue 43901 /tmp/noor-vite-all/664ae39dc7ce-Settings.vue
SAVED 16525198424 Settings.vue 52801 /tmp/noor-vite-all/cb61abe8dcc1-Settings.vue
SAVED 16530907705 main.ts 349 /tmp/noor-vite-all/de962be17590-main.ts
SAVED 16530912218 index.ts 739 /tmp/noor-vite-all/4385bb241daf-index.ts
SAVED 16531754608 History.vue 9940 /tmp/noor-vite-all/d7a33ccd09e4-History.vue
FAIL 16551888735 parse
SAVED 16913686638 SubtitlePanel.vue 16034 /tmp/noor-vite-all/873bb700775f-SubtitlePanel.vue
SAVED 16924840027 SubtitlePanel.vue 16026 /tmp/noor-vite-all/33ca790a6d1a-SubtitlePanel.vue
SAVED 16924917876 SubtitlePanel.vue 16019 /tmp/noor-vite-all/fab7a9f8d3eb-SubtitlePanel.vue
SAVED 16924995750 SubtitlePanel.vue 16043 /tmp/noor-vite-all/afae1ed17d55-SubtitlePanel.vue
SAVED 16981463181 SubtitlePanel.vue 16033 /tmp/noor-vite-all/f43f4dae9ebb-SubtitlePanel.vue
SAVED 16981541006 SubtitlePanel.vue 16034 /tmp/noor-vite-all/82aae3f1996c-SubtitlePanel.vue
SAVED 17002451284 SubtitlePanel.vue 16055 /tmp/noor-vite-all/3fc281eef5c5-SubtitlePanel.vue
SAVED 17003065454 SubtitlePanel.vue 16034 /tmp/noor-vite-all/0e105d462333-SubtitlePanel.vue
SAVED 17547832006 useJobPresentation.ts 24637 /tmp/noor-vite-all/61002e1ea141-useJobPresentation.ts
SAVED 17759917299 Home.vue 38528 /tmp/noor-vite-all/675cc6887ea1-Home.vue
SAVED 17840251124 Settings.vue 45691 /tmp/noor-vite-all/965cab471ac3-Settings.vue
SAVED 19717428810 MiniStatisticsCard.vue 3718 /tmp/noor-vite-all/eb75bc0e5f06-MiniStatisticsCard.vue
SAVED 19717444194 WelcomeMark.vue 3692 /tmp/noor-vite-all/b99baf6eb5fd-WelcomeMark.vue
DONE
